2026-08-15 22:07:53,543 - test_register - INFO - --- Bắt đầu test: Register-TC001 ---
2026-08-15 22:07:54,137 - test_register - INFO - --- Bắt đầu test: Register-TC001 ---
2026-08-15 22:07:57,552 - test_register - INFO - --- Bắt đầu test: Register-TC001 ---
2026-08-15 22:11:42,965 - test_register - INFO - --- Bắt đầu test: Register-TC001 ---
2026-08-15 22:11:44,498 - test_register - INFO - --- Bắt đầu test: Register-TC001 ---
2026-08-15 22:11:46,637 - test_register - INFO - --- Bắt đầu test: Register-TC001 ---
2026-08-15 22:11:47,837 - test_register - INFO - Đăng ký thành công và hiển thị tên đầy đủ trên header.
2026-08-15 22:14:45,624 - test_register - INFO - --- Bắt đầu test: Register-TC018 ---
2026-08-15 22:14:47,663 - test_register - INFO - --- Bắt đầu test: Register-TC012 ---
2026-08-15 22:14:49,280 - test_register - INFO - --- Bắt đầu test: Register-TC002 ---
2026-08-15 22:14:49,671 - test_register - INFO - --- Bắt đầu test: Register-TC008 ---
2026-08-15 22:14:50,522 - test_register - INFO - --- Bắt đầu test: Register-TC014 ---
2026-08-15 22:14:51,012 - test_register - INFO - --- Bắt đầu test: Register-TC004 ---
2026-08-15 22:14:52,309 - test_register - INFO - --- Bắt đầu test: Register-TC010 ---
2026-08-15 22:14:52,314 - test_register - INFO - --- Bắt đầu test: Register-TC016 ---
2026-08-15 22:14:52,407 - test_register - INFO - --- Bắt đầu test: Register-TC020 ---
2026-08-15 22:14:53,325 - test_register - INFO - Bắt được lỗi ở bước 1: 'A part followed by '@' should not contain the symbol 'ú'.'
2026-08-15 22:14:54,341 - test_register - INFO - Bắt được lỗi ở bước 1: 'Please include an '@' in the email address. 'nutest.com' is missing an '@'.'
2026-08-15 22:14:54,908 - test_register - INFO - Bắt được lỗi ở bước 1: 'Please fill out this field.'
2026-08-15 22:15:04,103 - test_register - INFO - Không thể điền form (Pass đúng kỳ vọng FAIL).
2026-08-15 22:15:05,220 - test_register - INFO - --- Bắt đầu test: Register-TC003 ---
2026-08-15 22:15:05,651 - test_register - INFO - --- Bắt đầu test: Register-TC005 ---
2026-08-15 22:15:05,723 - test_register - INFO - --- Bắt đầu test: Register-TC011 ---
2026-08-15 22:15:06,221 - test_register - INFO - Không thể điền form (Pass đúng kỳ vọng FAIL).
2026-08-15 22:15:07,276 - test_register - INFO - --- Bắt đầu test: Register-TC007 ---
2026-08-15 22:15:07,537 - test_register - INFO - Bắt được lỗi ở bước 1: 'Please enter a part followed by '@'. '@test.com' is incomplete.'
2026-08-15 22:15:07,837 - test_register - INFO - Bắt được lỗi ở bước 1: 'A part followed by '@' should not contain the symbol '🤣'.'
2026-08-15 22:15:08,236 - test_register - INFO - Không thể điền form (Pass đúng kỳ vọng FAIL).
2026-08-15 22:15:10,203 - test_register - INFO - Không thể điền form (Pass đúng kỳ vọng FAIL).
2026-08-15 22:15:11,509 - test_register - INFO - Không thể điền form (Pass đúng kỳ vọng FAIL).
2026-08-15 22:15:12,211 - test_register - INFO - Không thể điền form (Pass đúng kỳ vọng FAIL).
2026-08-15 22:15:16,136 - test_register - INFO - --- Bắt đầu test: Register-TC019 ---
2026-08-15 22:15:18,725 - test_register - INFO - --- Bắt đầu test: Register-TC013 ---
2026-08-15 22:15:20,032 - test_register - INFO - --- Bắt đầu test: Register-TC022 ---
2026-08-15 22:15:21,079 - test_register - INFO - --- Bắt đầu test: Register-TC009 ---
2026-08-15 22:15:21,593 - test_register - INFO - --- Bắt đầu test: Register-TC024 ---
2026-08-15 22:15:23,282 - test_register - INFO - --- Bắt đầu test: Register-TC017 ---
2026-08-15 22:15:23,496 - test_register - INFO - Bắt được lỗi ở bước 1: 'Please fill out this field.'
2026-08-15 22:15:24,675 - test_register - INFO - Không thể điền form (Pass đúng kỳ vọng FAIL).
2026-08-15 22:15:29,703 - test_register - INFO - --- Bắt đầu test: Register-TC015 ---
2026-08-15 22:15:30,138 - test_register - INFO - --- Bắt đầu test: Register-TC021 ---
2026-08-15 22:15:33,681 - test_register - INFO - --- Bắt đầu test: Register-TC025 ---
2026-08-15 22:15:35,405 - test_register - INFO - Không thể điền form (Pass đúng kỳ vọng FAIL).
2026-08-15 22:15:36,076 - test_register - INFO - --- Bắt đầu test: Register-TC023 ---
2026-08-15 22:15:36,567 - test_register - INFO - Không thể điền form (Pass đúng kỳ vọng FAIL).
2026-08-15 22:15:37,371 - test_register - INFO - Không thể điền form (Pass đúng kỳ vọng FAIL).
2026-08-15 22:15:38,649 - test_register - INFO - --- Bắt đầu test: Register-TC005 ---
2026-08-15 22:15:38,849 - test_register - INFO - Không thể điền form (Pass đúng kỳ vọng FAIL).
2026-08-15 22:15:40,668 - test_register - INFO - Không thể điền form (Pass đúng kỳ vọng FAIL).
2026-08-15 22:15:48,340 - test_register - INFO - --- Bắt đầu test: Register-TC002 ---
2026-08-15 22:15:48,802 - test_register - INFO - Không thể điền form (Pass đúng kỳ vọng FAIL).
2026-08-15 22:15:48,890 - test_register - INFO - Không thể điền form (Pass đúng kỳ vọng FAIL).
2026-08-15 22:15:52,305 - test_register - INFO - Không thể điền form (Pass đúng kỳ vọng FAIL).
2026-08-15 22:15:52,783 - test_register - INFO - Không thể điền form (Pass đúng kỳ vọng FAIL).
2026-08-15 22:15:52,904 - test_register - INFO - --- Bắt đầu test: Register-TC007 ---
2026-08-15 22:15:54,046 - test_register - INFO - --- Bắt đầu test: Register-TC004 ---
2026-08-15 22:15:57,290 - test_register - INFO - --- Bắt đầu test: Register-TC003 ---
2026-08-15 22:15:57,458 - test_register - INFO - --- Bắt đầu test: Register-TC006 ---
2026-08-15 22:16:08,479 - test_register - INFO - --- Bắt đầu test: Register-TC011 ---
2026-08-15 22:16:10,848 - test_register - INFO - Không thể điền form (Pass đúng kỳ vọng FAIL).
2026-08-15 22:16:12,864 - test_register - INFO - --- Bắt đầu test: Register-TC010 ---
2026-08-15 22:16:14,483 - test_register - INFO - --- Bắt đầu test: Register-TC009 ---
2026-08-15 22:16:16,644 - test_register - INFO - Bắt được lỗi ở bước 1: 'Please fill out this field.'
2026-08-15 22:16:18,610 - test_register - INFO - Bắt được lỗi ở bước 1: 'Please fill out this field.'
2026-08-15 22:16:19,429 - test_register - INFO - --- Bắt đầu test: Register-TC008 ---
2026-08-15 22:16:24,325 - test_register - INFO - --- Bắt đầu test: Register-TC017 ---
2026-08-15 22:16:41,124 - test_register - INFO - --- Bắt đầu test: Register-TC015 ---
2026-08-15 22:16:42,365 - test_register - INFO - --- Bắt đầu test: Register-TC020 ---
2026-08-15 22:16:47,465 - test_register - INFO - --- Bắt đầu test: Register-TC014 ---
2026-08-15 22:16:51,656 - test_register - INFO - --- Bắt đầu test: Register-TC021 ---
2026-08-15 22:16:59,892 - test_register - INFO - Không thể điền form (Pass đúng kỳ vọng FAIL).
2026-08-15 22:17:01,043 - test_register - INFO - --- Bắt đầu test: Register-TC023 ---
2026-08-15 22:17:03,856 - test_register - INFO - --- Bắt đầu test: Register-TC003 ---
2026-08-15 22:17:04,787 - test_register - INFO - --- Bắt đầu test: Register-TC024 ---
2026-08-15 22:17:05,291 - test_register - INFO - --- Bắt đầu test: Register-TC018 ---
2026-08-15 22:17:05,485 - test_register - INFO - Bắt được lỗi ở bước 1: 'A part followed by '@' should not contain the symbol '🤣'.'
2026-08-15 22:17:11,442 - test_register - INFO - --- Bắt đầu test: Register-TC004 ---
2026-08-15 22:17:14,640 - test_register - INFO - Bắt được lỗi ở bước 1: 'Please include an '@' in the email address. 'nutest.com' is missing an '@'.'
2026-08-15 22:17:19,281 - test_register - INFO - --- Bắt đầu test: Register-TC006 ---
2026-08-15 22:17:20,582 - test_register - INFO - --- Bắt đầu test: Register-TC008 ---
2026-08-15 22:17:20,652 - test_register - INFO - --- Bắt đầu test: Register-TC019 ---
2026-08-15 22:17:21,657 - test_register - INFO - --- Bắt đầu test: Register-TC002 ---
2026-08-15 22:17:22,992 - test_register - INFO - Bắt được lỗi ở bước 1: ''.' is used at a wrong position in '.com'.'
2026-08-15 22:17:23,174 - test_register - INFO - Không thể điền form (Pass đúng kỳ vọng FAIL).
2026-08-15 22:17:24,569 - test_register - INFO - Bắt được lỗi ở bước 1: 'A part followed by '@' should not contain the symbol 'ú'.'
2026-08-15 22:17:24,754 - test_register - INFO - --- Bắt đầu test: Register-TC011 ---
2026-08-15 22:17:34,781 - test_register - INFO - --- Bắt đầu test: Register-TC014 ---
2026-08-15 22:17:36,108 - test_register - INFO - --- Bắt đầu test: Register-TC010 ---
2026-08-15 22:17:36,891 - test_register - INFO - --- Bắt đầu test: Register-TC005 ---
2026-08-15 22:17:37,121 - test_register - INFO - --- Bắt đầu test: Register-TC013 ---
2026-08-15 22:17:38,569 - test_register - INFO - Bắt được lỗi ở bước 1: 'Please fill out this field.'
2026-08-15 22:17:39,064 - test_register - INFO - --- Bắt đầu test: Register-TC016 ---
2026-08-15 22:17:40,505 - test_register - INFO - Không thể điền form (Pass đúng kỳ vọng FAIL).
2026-08-15 22:17:40,768 - test_register - INFO - Bắt được lỗi ở bước 1: 'Please enter a part followed by '@'. '@test.com' is incomplete.'
2026-08-15 22:17:41,790 - test_register - INFO - Không thể điền form (Pass đúng kỳ vọng FAIL).
2026-08-15 22:17:42,712 - test_register - INFO - Không thể điền form (Pass đúng kỳ vọng FAIL).
2026-08-15 22:17:48,159 - test_register - INFO - --- Bắt đầu test: Register-TC009 ---
2026-08-15 22:17:49,927 - test_register - INFO - --- Bắt đầu test: Register-TC007 ---
2026-08-15 22:17:50,591 - test_register - INFO - Bắt được lỗi ở bước 1: 'Please fill out this field.'
2026-08-15 22:17:51,922 - test_register - INFO - --- Bắt đầu test: Register-TC019 ---
2026-08-15 22:17:53,516 - test_register - INFO - Không thể điền form (Pass đúng kỳ vọng FAIL).
2026-08-15 22:17:53,551 - test_register - INFO - --- Bắt đầu test: Register-TC015 ---
2026-08-15 22:17:55,737 - test_register - INFO - --- Bắt đầu test: Register-TC022 ---
2026-08-15 22:17:55,950 - test_register - INFO - Không thể điền form (Pass đúng kỳ vọng FAIL).
2026-08-15 22:17:56,559 - test_register - INFO - Không thể điền form (Pass đúng kỳ vọng FAIL).
2026-08-15 22:17:57,293 - test_register - INFO - --- Bắt đầu test: Register-TC017 ---
2026-08-15 22:17:57,901 - test_register - INFO - --- Bắt đầu test: Register-TC012 ---
2026-08-15 22:18:06,605 - test_register - INFO - --- Bắt đầu test: Register-TC020 ---
2026-08-15 22:18:07,792 - test_register - INFO - --- Bắt đầu test: Register-TC021 ---
2026-08-15 22:18:07,917 - test_register - INFO - --- Bắt đầu test: Register-TC023 ---
2026-08-15 22:18:08,255 - test_register - INFO - --- Bắt đầu test: Register-TC018 ---
2026-08-15 22:18:08,870 - test_register - INFO - Không thể điền form (Pass đúng kỳ vọng FAIL).
2026-08-15 22:18:11,671 - test_register - INFO - Không thể điền form (Pass đúng kỳ vọng FAIL).
2026-08-15 22:18:11,899 - test_register - INFO - Không thể điền form (Pass đúng kỳ vọng FAIL).
2026-08-15 22:18:15,361 - test_register - INFO - --- Bắt đầu test: Register-TC024 ---
2026-08-15 22:18:15,448 - test_register - INFO - Không thể điền form (Pass đúng kỳ vọng FAIL).
2026-08-15 22:18:15,763 - test_register - INFO - Không thể điền form (Pass đúng kỳ vọng FAIL).
2026-08-15 22:18:16,245 - test_register - INFO - Không thể điền form (Pass đúng kỳ vọng FAIL).
2026-08-15 22:18:21,188 - test_register - INFO - --- Bắt đầu test: Register-TC025 ---
2026-08-15 22:18:24,415 - test_register - INFO - Không thể điền form (Pass đúng kỳ vọng FAIL).
2026-08-15 22:18:24,931 - test_register - INFO - Không thể điền form (Pass đúng kỳ vọng FAIL).
2026-08-15 22:18:25,786 - test_register - INFO - Không thể điền form (Pass đúng kỳ vọng FAIL).
2026-08-15 22:18:26,005 - test_register - INFO - Không thể điền form (Pass đúng kỳ vọng FAIL).
2026-08-15 22:18:31,967 - test_register - INFO - Không thể điền form (Pass đúng kỳ vọng FAIL).
2026-08-15 22:18:38,485 - test_register - INFO - Không thể điền form (Pass đúng kỳ vọng FAIL).
2026-08-15 22:22:10,638 - test_register - INFO - --- Bắt đầu test: Register-TC008 ---
2026-08-15 22:22:10,738 - test_register - INFO - --- Bắt đầu test: Register-TC018 ---
2026-08-15 22:22:10,742 - test_register - INFO - --- Bắt đầu test: Register-TC014 ---
2026-08-15 22:22:10,753 - test_register - INFO - --- Bắt đầu test: Register-TC020 ---
2026-08-15 22:22:10,808 - test_register - INFO - --- Bắt đầu test: Register-TC016 ---
2026-08-15 22:22:10,829 - test_register - INFO - --- Bắt đầu test: Register-TC002 ---
2026-08-15 22:22:10,873 - test_register - INFO - --- Bắt đầu test: Register-TC012 ---
2026-08-15 22:22:10,886 - test_register - INFO - --- Bắt đầu test: Register-TC010 ---
2026-08-15 22:22:11,130 - test_register - INFO - --- Bắt đầu test: Register-TC006 ---
2026-08-15 22:22:11,588 - test_register - INFO - --- Bắt đầu test: Register-TC004 ---
2026-08-15 22:22:12,490 - test_register - INFO - Bắt được lỗi ở bước 1: 'A part followed by '@' should not contain the symbol 'ú'.'
2026-08-15 22:22:12,594 - test_register - INFO - Bắt được lỗi ở bước 1: ''.' is used at a wrong position in '.com'.'
2026-08-15 22:22:13,900 - test_register - INFO - Bắt được lỗi ở bước 1: 'Please fill out this field.'
2026-08-15 22:22:13,923 - test_register - INFO - Bắt được lỗi ở bước 1: 'Please include an '@' in the email address. 'nutest.com' is missing an '@'.'
2026-08-15 22:22:19,497 - test_register - INFO - --- Bắt đầu test: Register-TC007 ---
2026-08-15 22:22:19,647 - test_register - INFO - --- Bắt đầu test: Register-TC011 ---
2026-08-15 22:22:19,764 - test_register - INFO - --- Bắt đầu test: Register-TC003 ---
2026-08-15 22:22:21,894 - test_register - INFO - Bắt được lỗi ở bước 1: 'A part followed by '@' should not contain the symbol '🤣'.'
2026-08-15 22:22:23,091 - test_register - INFO - --- Bắt đầu test: Register-TC005 ---
2026-08-15 22:22:24,623 - test_register - INFO - Bắt được lỗi ở bước 1: 'Please enter a part followed by '@'. '@test.com' is incomplete.'
2026-08-15 22:22:27,201 - test_register - INFO - --- Bắt đầu test: Register-TC023 ---
2026-08-15 22:22:27,519 - test_register - INFO - Không thể điền form (Pass đúng kỳ vọng FAIL).
2026-08-15 22:22:27,987 - test_register - INFO - Không thể điền form (Pass đúng kỳ vọng FAIL).
2026-08-15 22:22:28,119 - test_register - INFO - Không thể điền form (Pass đúng kỳ vọng FAIL).
2026-08-15 22:22:28,170 - test_register - INFO - Không thể điền form (Pass đúng kỳ vọng FAIL).
2026-08-15 22:22:28,204 - test_register - INFO - Không thể điền form (Pass đúng kỳ vọng FAIL).
2026-08-15 22:22:29,037 - test_register - INFO - --- Bắt đầu test: Register-TC025 ---
2026-08-15 22:22:31,767 - test_register - INFO - --- Bắt đầu test: Register-TC015 ---
2026-08-15 22:22:33,069 - test_register - INFO - --- Bắt đầu test: Register-TC021 ---
2026-08-15 22:22:36,778 - test_register - INFO - Không thể điền form (Pass đúng kỳ vọng FAIL).
2026-08-15 22:22:36,894 - test_register - INFO - Không thể điền form (Pass đúng kỳ vọng FAIL).
2026-08-15 22:22:38,288 - test_register - INFO - --- Bắt đầu test: Register-TC009 ---
2026-08-15 22:22:38,382 - test_register - INFO - --- Bắt đầu test: Register-TC019 ---
2026-08-15 22:22:38,387 - test_register - INFO - --- Bắt đầu test: Register-TC013 ---
2026-08-15 22:22:39,766 - test_register - INFO - Bắt được lỗi ở bước 1: 'Please fill out this field.'
2026-08-15 22:22:42,144 - test_register - INFO - --- Bắt đầu test: Register-TC017 ---
2026-08-15 22:22:45,244 - test_register - INFO - Không thể điền form (Pass đúng kỳ vọng FAIL).
2026-08-15 22:22:46,016 - test_register - INFO - Không thể điền form (Pass đúng kỳ vọng FAIL).
2026-08-15 22:22:46,964 - test_register - INFO - --- Bắt đầu test: Register-TC024 ---
2026-08-15 22:22:48,699 - test_register - INFO - Không thể điền form (Pass đúng kỳ vọng FAIL).
2026-08-15 22:22:49,969 - test_register - INFO - --- Bắt đầu test: Register-TC022 ---
2026-08-15 22:22:50,216 - test_register - INFO - Không thể điền form (Pass đúng kỳ vọng FAIL).
2026-08-15 22:22:53,496 - test_register - INFO - --- Bắt đầu test: Register-TC009 ---
2026-08-15 22:22:55,144 - test_register - INFO - Bắt được lỗi ở bước 1: 'Please fill out this field.'
2026-08-15 22:22:55,366 - test_register - INFO - Không thể điền form (Pass đúng kỳ vọng FAIL).
2026-08-15 22:22:55,565 - test_register - INFO - Không thể điền form (Pass đúng kỳ vọng FAIL).
2026-08-15 22:22:58,966 - test_register - INFO - Không thể điền form (Pass đúng kỳ vọng FAIL).
2026-08-15 22:22:59,654 - test_register - INFO - --- Bắt đầu test: Register-TC002 ---
2026-08-15 22:23:01,005 - test_register - INFO - --- Bắt đầu test: Register-TC003 ---
2026-08-15 22:23:02,720 - test_register - INFO - Bắt được lỗi ở bước 1: 'Please enter an email address.'
2026-08-15 22:23:03,291 - test_register - INFO - --- Bắt đầu test: Register-TC004 ---
2026-08-15 22:23:03,751 - test_register - INFO - Bắt được lỗi ở bước 1: 'Please enter an email address.'
2026-08-15 22:23:04,236 - test_register - INFO - Không thể điền form (Pass đúng kỳ vọng FAIL).
2026-08-15 22:23:05,192 - test_register - INFO - --- Bắt đầu test: Register-TC005 ---
2026-08-15 22:23:05,805 - test_register - INFO - Bắt được lỗi ở bước 1: 'Please enter an email address.'
2026-08-15 22:23:06,887 - test_register - INFO - Không thể điền form (Pass đúng kỳ vọng FAIL).
2026-08-15 22:23:14,184 - test_register - INFO - --- Bắt đầu test: Register-TC013 ---
2026-08-15 22:23:15,322 - test_register - INFO - --- Bắt đầu test: Register-TC011 ---
2026-08-15 22:23:21,609 - test_register - INFO - --- Bắt đầu test: Register-TC014 ---
2026-08-15 22:23:22,609 - test_register - INFO - --- Bắt đầu test: Register-TC015 ---
2026-08-15 22:23:23,026 - test_register - INFO - --- Bắt đầu test: Register-TC006 ---
2026-08-15 22:23:26,822 - test_register - INFO - Bắt được lỗi ở bước 1: 'Please enter an email address.'
2026-08-15 22:23:28,257 - test_register - INFO - --- Bắt đầu test: Register-TC007 ---
2026-08-15 22:23:30,035 - test_register - INFO - --- Bắt đầu test: Register-TC010 ---
2026-08-15 22:23:32,707 - test_register - INFO - --- Bắt đầu test: Register-TC008 ---
2026-08-15 22:23:32,886 - test_register - INFO - Không thể điền form (Pass đúng kỳ vọng FAIL).
2026-08-15 22:23:33,981 - test_register - INFO - Không thể điền form (Pass đúng kỳ vọng FAIL).
2026-08-15 22:23:34,240 - test_register - INFO - --- Bắt đầu test: Register-TC012 ---
2026-08-15 22:23:40,055 - test_register - INFO - Không thể điền form (Pass đúng kỳ vọng FAIL).
2026-08-15 22:23:41,755 - test_register - INFO - Không thể điền form (Pass đúng kỳ vọng FAIL).
2026-08-15 22:23:42,327 - test_register - INFO - --- Bắt đầu test: Register-TC022 ---
2026-08-15 22:23:45,440 - test_register - INFO - Bắt được lỗi ở bước 1: 'Please fill out this field.'
2026-08-15 22:23:47,370 - test_register - INFO - Không thể điền form (Pass đúng kỳ vọng FAIL).
2026-08-15 22:23:51,481 - test_register - INFO - Không thể điền form (Pass đúng kỳ vọng FAIL).
2026-08-15 22:23:52,739 - test_register - INFO - --- Bắt đầu test: Register-TC018 ---
2026-08-15 22:23:55,754 - test_register - INFO - --- Bắt đầu test: Register-TC024 ---
2026-08-15 22:24:01,200 - test_register - INFO - Không thể điền form (Pass đúng kỳ vọng FAIL).
2026-08-15 22:24:02,774 - test_register - INFO - --- Bắt đầu test: Register-TC019 ---
2026-08-15 22:24:04,256 - test_register - INFO - --- Bắt đầu test: Register-TC023 ---
2026-08-15 22:24:04,482 - test_register - INFO - --- Bắt đầu test: Register-TC020 ---
2026-08-15 22:24:12,698 - test_register - INFO - --- Bắt đầu test: Register-TC021 ---
2026-08-15 22:24:16,565 - test_register - INFO - --- Bắt đầu test: Register-TC025 ---
2026-08-15 22:24:21,676 - test_register - INFO - Không thể điền form (Pass đúng kỳ vọng FAIL).
2026-08-15 22:24:22,186 - test_register - INFO - --- Bắt đầu test: Register-TC004 ---
2026-08-15 22:24:23,111 - test_register - INFO - Không thể điền form (Pass đúng kỳ vọng FAIL).
2026-08-15 22:24:23,535 - test_register - INFO - Không thể điền form (Pass đúng kỳ vọng FAIL).
2026-08-15 22:24:26,272 - test_register - INFO - --- Bắt đầu test: Register-TC006 ---
2026-08-15 22:24:27,094 - test_register - INFO - Bắt được lỗi ở bước 1: 'Please include an '@' in the email address. 'nutest.com' is missing an '@'.'
2026-08-15 22:24:27,434 - test_register - INFO - --- Bắt đầu test: Register-TC005 ---
2026-08-15 22:24:27,725 - test_register - INFO - Bắt được lỗi ở bước 1: ''.' is used at a wrong position in '.com'.'
2026-08-15 22:24:28,102 - test_register - INFO - --- Bắt đầu test: Register-TC003 ---
2026-08-15 22:24:30,001 - test_register - INFO - Bắt được lỗi ở bước 1: 'A part followed by '@' should not contain the symbol '🤣'.'
2026-08-15 22:24:31,670 - test_register - INFO - --- Bắt đầu test: Register-TC010 ---
2026-08-15 22:24:31,806 - test_register - INFO - Bắt được lỗi ở bước 1: 'Please enter a part followed by '@'. '@test.com' is incomplete.'
2026-08-15 22:24:32,496 - test_register - INFO - --- Bắt đầu test: Register-TC002 ---
2026-08-15 22:24:33,597 - test_register - INFO - Bắt được lỗi ở bước 1: 'Please fill out this field.'
2026-08-15 22:24:34,238 - test_register - INFO - Không thể điền form (Pass đúng kỳ vọng FAIL).
2026-08-15 22:24:36,348 - test_register - INFO - Bắt được lỗi ở bước 1: 'A part followed by '@' should not contain the symbol 'ú'.'
2026-08-15 22:24:36,400 - test_register - INFO - --- Bắt đầu test: Register-TC007 ---
2026-08-15 22:24:37,919 - test_register - INFO - --- Bắt đầu test: Register-TC009 ---
2026-08-15 22:24:39,760 - test_register - INFO - Bắt được lỗi ở bước 1: 'Please fill out this field.'
2026-08-15 22:24:44,204 - test_register - INFO - --- Bắt đầu test: Register-TC011 ---
2026-08-15 22:24:48,685 - test_register - INFO - --- Bắt đầu test: Register-TC008 ---
2026-08-15 22:24:52,959 - test_register - INFO - --- Bắt đầu test: Register-TC017 ---
2026-08-15 22:24:52,986 - test_register - INFO - --- Bắt đầu test: Register-TC016 ---
2026-08-15 22:24:53,530 - test_register - INFO - --- Bắt đầu test: Register-TC012 ---
2026-08-15 22:24:55,985 - test_register - INFO - --- Bắt đầu test: Register-TC015 ---
2026-08-15 22:24:56,074 - test_register - INFO - --- Bắt đầu test: Register-TC014 ---
2026-08-15 22:24:56,231 - test_register - INFO - --- Bắt đầu test: Register-TC013 ---
2026-08-15 22:24:56,656 - test_register - INFO - Không thể điền form (Pass đúng kỳ vọng FAIL).
2026-08-15 22:24:58,937 - test_register - INFO - --- Bắt đầu test: Register-TC019 ---
2026-08-15 22:25:04,749 - test_register - INFO - --- Bắt đầu test: Register-TC018 ---
2026-08-15 22:25:04,783 - test_register - INFO - Không thể điền form (Pass đúng kỳ vọng FAIL).
2026-08-15 22:25:08,965 - test_register - INFO - Không thể điền form (Pass đúng kỳ vọng FAIL).
2026-08-15 22:25:09,433 - test_register - INFO - --- Bắt đầu test: Register-TC020 ---
2026-08-15 22:25:10,998 - test_register - INFO - Không thể điền form (Pass đúng kỳ vọng FAIL).
2026-08-15 22:25:12,046 - test_register - INFO - Không thể điền form (Pass đúng kỳ vọng FAIL).
2026-08-15 22:25:12,715 - test_register - INFO - Không thể điền form (Pass đúng kỳ vọng FAIL).
2026-08-15 22:25:13,374 - test_register - INFO - Không thể điền form (Pass đúng kỳ vọng FAIL).
2026-08-15 22:25:13,516 - test_register - INFO - Không thể điền form (Pass đúng kỳ vọng FAIL).
2026-08-15 22:25:13,620 - test_register - INFO - Không thể điền form (Pass đúng kỳ vọng FAIL).
2026-08-15 22:25:13,979 - test_register - INFO - --- Bắt đầu test: Register-TC021 ---
2026-08-15 22:25:17,002 - test_register - INFO - Không thể điền form (Pass đúng kỳ vọng FAIL).
2026-08-15 22:25:17,233 - test_register - INFO - --- Bắt đầu test: Register-TC023 ---
2026-08-15 22:25:19,032 - test_register - INFO - --- Bắt đầu test: Register-TC024 ---
2026-08-15 22:25:19,915 - test_register - INFO - --- Bắt đầu test: Register-TC022 ---
2026-08-15 22:25:20,328 - test_register - INFO - --- Bắt đầu test: Register-TC025 ---
2026-08-15 22:25:22,510 - test_register - INFO - Không thể điền form (Pass đúng kỳ vọng FAIL).
2026-08-15 22:25:26,200 - test_register - INFO - Không thể điền form (Pass đúng kỳ vọng FAIL).
2026-08-15 22:25:32,199 - test_register - INFO - Không thể điền form (Pass đúng kỳ vọng FAIL).
2026-08-15 22:25:34,433 - test_register - INFO - Không thể điền form (Pass đúng kỳ vọng FAIL).
2026-08-15 22:25:35,782 - test_register - INFO - Không thể điền form (Pass đúng kỳ vọng FAIL).
2026-08-15 22:25:36,430 - test_register - INFO - Không thể điền form (Pass đúng kỳ vọng FAIL).
2026-08-15 22:25:37,281 - test_register - INFO - Không thể điền form (Pass đúng kỳ vọng FAIL).
2026-08-15 22:33:12,562 - test_register - INFO - --- SETUP: Kiểm tra và dọn dẹp tài khoản nu@test.com ---
2026-08-15 22:33:12,583 - test_register - INFO - --- SETUP: Kiểm tra và dọn dẹp tài khoản nu@test.com ---
2026-08-15 22:33:12,609 - test_register - INFO - --- SETUP: Kiểm tra và dọn dẹp tài khoản nu@test.com ---
2026-08-15 22:33:12,616 - test_register - INFO - --- SETUP: Kiểm tra và dọn dẹp tài khoản nu@test.com ---
2026-08-15 22:33:12,624 - test_register - INFO - --- SETUP: Kiểm tra và dọn dẹp tài khoản nu@test.com ---
2026-08-15 22:33:12,627 - test_register - INFO - --- SETUP: Kiểm tra và dọn dẹp tài khoản nu@test.com ---
2026-08-15 22:33:12,636 - test_register - INFO - --- SETUP: Kiểm tra và dọn dẹp tài khoản nu@test.com ---
2026-08-15 22:33:12,637 - test_register - INFO - --- SETUP: Kiểm tra và dọn dẹp tài khoản nu@test.com ---
2026-08-15 22:33:12,660 - test_register - INFO - --- SETUP: Kiểm tra và dọn dẹp tài khoản nu@test.com ---
2026-08-15 22:33:12,663 - test_register - INFO - --- SETUP: Kiểm tra và dọn dẹp tài khoản nu@test.com ---
2026-08-15 22:33:22,622 - test_register - INFO - [CLEANUP] Tài khoản nu@test.com chưa tồn tại, môi trường sạch.
2026-08-15 22:33:22,681 - test_register - INFO - [CLEANUP] Tài khoản nu@test.com chưa tồn tại, môi trường sạch.
2026-08-15 22:33:23,105 - test_register - INFO - [CLEANUP] Tài khoản nu@test.com chưa tồn tại, môi trường sạch.
2026-08-15 22:33:23,405 - test_register - INFO - [CLEANUP] Đã xóa tài khoản nu@test.com cũ thành công.
2026-08-15 22:33:23,504 - test_register - INFO - [CLEANUP] Đã xóa tài khoản nu@test.com cũ thành công.
2026-08-15 22:33:23,625 - test_register - INFO - [CLEANUP] Đã xóa tài khoản nu@test.com cũ thành công.
2026-08-15 22:33:23,866 - test_register - INFO - [CLEANUP] Đã xóa tài khoản nu@test.com cũ thành công.
2026-08-15 22:33:24,149 - test_register - INFO - [CLEANUP] Đã xóa tài khoản nu@test.com cũ thành công.
2026-08-15 22:33:24,249 - test_register - INFO - [CLEANUP] Đã xóa tài khoản nu@test.com cũ thành công.
2026-08-15 22:33:24,629 - test_register - INFO - [CLEANUP] Đã xóa tài khoản nu@test.com cũ thành công.
2026-08-15 22:33:32,953 - test_register - INFO - --- Bắt đầu test: Register-TC005 ---
2026-08-15 22:33:33,001 - test_register - INFO - --- Bắt đầu test: Register-TC011 ---
2026-08-15 22:33:33,845 - test_register - INFO - --- Bắt đầu test: Register-TC015 ---
2026-08-15 22:33:33,952 - test_register - INFO - Bắt được lỗi ở bước 1: 'Please enter a part followed by '@'. '@test.com' is incomplete.'
2026-08-15 22:33:34,992 - test_register - INFO - --- Bắt đầu test: Register-TC003 ---
2026-08-15 22:33:35,723 - test_register - INFO - --- Bắt đầu test: Register-TC019 ---
2026-08-15 22:33:35,793 - test_register - INFO - Bắt được lỗi validation form: 'Please fill out this field.'
2026-08-15 22:33:37,643 - test_register - INFO - Bắt được lỗi ở bước 1: 'A part followed by '@' should not contain the symbol '🤣'.'
2026-08-15 22:33:37,692 - test_register - INFO - --- Bắt đầu test: Register-TC007 ---
2026-08-15 22:33:38,189 - test_register - INFO - --- Bắt đầu test: Register-TC017 ---
2026-08-15 22:33:38,502 - test_register - INFO - --- Bắt đầu test: Register-TC013 ---
2026-08-15 22:33:39,643 - test_register - INFO - --- Bắt đầu test: Register-TC009 ---
2026-08-15 22:33:40,371 - test_register - INFO - Bắt được lỗi ở bước 1: 'Please fill out this field.'
2026-08-15 22:33:41,110 - test_register - INFO - --- Bắt đầu test: Register-TC001 ---
2026-08-15 22:33:44,755 - test_register - INFO - --- Bắt đầu test: Register-TC006 ---
2026-08-15 22:33:46,198 - test_register - INFO - Bắt được lỗi ở bước 1: ''.' is used at a wrong position in '.com'.'
2026-08-15 22:33:47,256 - test_register - INFO - --- Bắt đầu test: Register-TC016 ---
2026-08-15 22:33:47,889 - test_register - INFO - --- Bắt đầu test: Register-TC004 ---
2026-08-15 22:33:48,939 - test_register - INFO - --- Bắt đầu test: Register-TC010 ---
2026-08-15 22:33:49,158 - test_register - INFO - Bắt được lỗi ở bước 1: 'Please include an '@' in the email address. 'nutest.com' is missing an '@'.'
2026-08-15 22:33:49,903 - test_register - INFO - Bắt được lỗi ở bước 1: 'Please fill out this field.'
2026-08-15 22:33:50,692 - test_register - INFO - --- Bắt đầu test: Register-TC012 ---
2026-08-15 22:33:53,694 - test_register - INFO - Không thể điền form (Pass đúng kỳ vọng FAIL).
2026-08-15 22:33:54,297 - test_register - INFO - --- Bắt đầu test: Register-TC021 ---
2026-08-15 22:33:54,459 - test_register - INFO - Không thể điền form (Pass đúng kỳ vọng FAIL).
2026-08-15 22:33:54,636 - test_register - INFO - Không thể điền form (Pass đúng kỳ vọng FAIL).
2026-08-15 22:33:54,745 - test_register - INFO - Không thể điền form (Pass đúng kỳ vọng FAIL).
2026-08-15 22:33:55,248 - test_register - INFO - --- Bắt đầu test: Register-TC023 ---
2026-08-15 22:33:56,770 - test_register - INFO - --- Bắt đầu test: Register-TC024 ---
2026-08-15 22:34:00,614 - test_register - INFO - --- Bắt đầu test: Register-TC020 ---
2026-08-15 22:34:01,550 - test_register - INFO - --- Bắt đầu test: Register-TC018 ---
2026-08-15 22:34:03,637 - test_register - INFO - Không thể điền form (Pass đúng kỳ vọng FAIL).
2026-08-15 22:34:03,706 - test_register - INFO - --- Bắt đầu test: Register-TC008 ---
2026-08-15 22:34:04,960 - test_register - INFO - --- Bắt đầu test: Register-TC014 ---
2026-08-15 22:34:06,933 - test_register - INFO - Không thể điền form (Pass đúng kỳ vọng FAIL).
2026-08-15 22:34:08,068 - test_register - INFO - --- Bắt đầu test: Register-TC002 ---
2026-08-15 22:34:09,035 - test_register - INFO - Bắt được lỗi ở bước 1: 'A part followed by '@' should not contain the symbol 'ú'.'
2026-08-15 22:34:09,161 - test_register - INFO - --- Bắt đầu test: Register-TC022 ---
2026-08-15 22:34:10,458 - test_register - INFO - --- Bắt đầu test: Register-TC025 ---
2026-08-15 22:34:11,153 - test_register - INFO - Không thể điền form (Pass đúng kỳ vọng FAIL).
2026-08-15 22:34:11,714 - test_register - INFO - Không thể điền form (Pass đúng kỳ vọng FAIL).
2026-08-15 22:34:13,084 - test_register - INFO - Không thể điền form (Pass đúng kỳ vọng FAIL).
2026-08-15 22:34:16,276 - test_register - INFO - --- Bắt đầu test: Register-TC008 ---
2026-08-15 22:34:17,480 - test_register - INFO - Không thể điền form (Pass đúng kỳ vọng FAIL).
2026-08-15 22:34:17,807 - test_register - INFO - --- Bắt đầu test: Register-TC001 ---
2026-08-15 22:34:18,133 - test_register - INFO - Không thể điền form (Pass đúng kỳ vọng FAIL).
2026-08-15 22:34:19,043 - test_register - INFO - --- Bắt đầu test: Register-TC002 ---
2026-08-15 22:34:19,750 - test_register - INFO - Không thể điền form (Pass đúng kỳ vọng FAIL).
2026-08-15 22:34:21,072 - test_register - INFO - Không thể điền form (Pass đúng kỳ vọng FAIL).
2026-08-15 22:34:22,534 - test_register - INFO - --- Bắt đầu test: Register-TC003 ---
2026-08-15 22:34:23,951 - test_register - INFO - Bắt được lỗi ở bước 1: 'Please enter an email address.'
2026-08-15 22:34:25,117 - test_register - INFO - Bắt được lỗi ở bước 1: 'Please enter an email address.'
2026-08-15 22:34:25,728 - test_register - INFO - Không thể điền form (Pass đúng kỳ vọng FAIL).
2026-08-15 22:34:26,450 - test_register - INFO - Không thể điền form (Pass đúng kỳ vọng FAIL).
2026-08-15 22:34:28,231 - test_register - INFO - --- Bắt đầu test: Register-TC004 ---
2026-08-15 22:34:29,754 - test_register - INFO - --- Bắt đầu test: Register-TC006 ---
2026-08-15 22:34:31,112 - test_register - INFO - --- Bắt đầu test: Register-TC005 ---
2026-08-15 22:34:33,586 - test_register - INFO - --- Bắt đầu test: Register-TC007 ---
2026-08-15 22:34:34,892 - test_register - INFO - Bắt được lỗi ở bước 1: 'Please enter an email address.'
2026-08-15 22:34:36,907 - test_register - INFO - Bắt được lỗi ở bước 1: 'Please enter an email address.'
2026-08-15 22:34:37,035 - test_register - INFO - Không thể điền form (Pass đúng kỳ vọng FAIL).
2026-08-15 22:34:37,262 - test_register - INFO - --- Bắt đầu test: Register-TC013 ---
2026-08-15 22:34:39,547 - test_register - INFO - --- Bắt đầu test: Register-TC009 ---
2026-08-15 22:34:41,198 - test_register - INFO - --- Bắt đầu test: Register-TC010 ---
2026-08-15 22:34:43,849 - test_register - INFO - --- Bắt đầu test: Register-TC014 ---
2026-08-15 22:34:47,053 - test_register - INFO - --- Bắt đầu test: Register-TC015 ---
2026-08-15 22:34:48,369 - test_register - INFO - Bắt được lỗi ở bước 1: 'Please fill out this field.'
2026-08-15 22:34:49,286 - test_register - INFO - --- Bắt đầu test: Register-TC016 ---
2026-08-15 22:34:51,719 - test_register - INFO - --- Bắt đầu test: Register-TC011 ---
2026-08-15 22:34:53,831 - test_register - INFO - --- Bắt đầu test: Register-TC012 ---
2026-08-15 22:34:58,853 - test_register - INFO - --- Bắt đầu test: Register-TC017 ---
2026-08-15 22:34:59,329 - test_register - INFO - Không thể điền form (Pass đúng kỳ vọng FAIL).
2026-08-15 22:35:00,637 - test_register - INFO - --- Bắt đầu test: Register-TC020 ---
2026-08-15 22:35:04,049 - test_register - INFO - Không thể điền form (Pass đúng kỳ vọng FAIL).
2026-08-15 22:35:06,763 - test_register - INFO - Không thể điền form (Pass đúng kỳ vọng FAIL).
2026-08-15 22:35:09,084 - test_register - INFO - --- Bắt đầu test: Register-TC018 ---
2026-08-15 22:35:10,196 - test_register - INFO - Không thể điền form (Pass đúng kỳ vọng FAIL).
2026-08-15 22:35:11,466 - test_register - INFO - --- Bắt đầu test: Register-TC021 ---
2026-08-15 22:35:12,029 - test_register - INFO - Không thể điền form (Pass đúng kỳ vọng FAIL).
2026-08-15 22:35:13,975 - test_register - INFO - --- Bắt đầu test: Register-TC019 ---
2026-08-15 22:35:15,840 - test_register - INFO - --- Bắt đầu test: Register-TC022 ---
2026-08-15 22:35:18,222 - test_register - INFO - --- Bắt đầu test: Register-TC001 ---
2026-08-15 22:35:18,912 - test_register - INFO - --- Bắt đầu test: Register-TC023 ---
2026-08-15 22:35:22,355 - test_register - INFO - --- Bắt đầu test: Register-TC024 ---
2026-08-15 22:35:23,526 - test_register - INFO - Không thể điền form (Pass đúng kỳ vọng FAIL).
2026-08-15 22:35:28,623 - test_register - INFO - --- Bắt đầu test: Register-TC002 ---
2026-08-15 22:35:29,655 - test_register - INFO - Bắt được lỗi ở bước 1: 'A part followed by '@' should not contain the symbol 'ú'.'
2026-08-15 22:35:29,875 - test_register - INFO - --- Bắt đầu test: Register-TC025 ---
2026-08-15 22:35:31,722 - test_register - INFO - --- Bắt đầu test: Register-TC003 ---
2026-08-15 22:35:32,881 - test_register - INFO - Không thể điền form (Pass đúng kỳ vọng FAIL).
2026-08-15 22:35:32,899 - test_register - INFO - Bắt được lỗi ở bước 1: 'A part followed by '@' should not contain the symbol '🤣'.'
2026-08-15 22:35:35,760 - test_register - INFO - --- Bắt đầu test: Register-TC012 ---
2026-08-15 22:35:36,138 - test_register - INFO - Không thể điền form (Pass đúng kỳ vọng FAIL).
2026-08-15 22:35:36,238 - test_register - INFO - Không thể điền form (Pass đúng kỳ vọng FAIL).
2026-08-15 22:35:36,450 - test_register - INFO - Không thể điền form (Pass đúng kỳ vọng FAIL).
2026-08-15 22:35:37,615 - test_register - INFO - Không thể điền form (Pass đúng kỳ vọng FAIL).
2026-08-15 22:35:39,646 - test_register - INFO - --- Bắt đầu test: Register-TC013 ---
2026-08-15 22:35:41,674 - test_register - INFO - --- Bắt đầu test: Register-TC007 ---
2026-08-15 22:35:44,692 - test_register - INFO - Không thể điền form (Pass đúng kỳ vọng FAIL).
2026-08-15 22:35:46,855 - test_register - INFO - --- Bắt đầu test: Register-TC004 ---
2026-08-15 22:35:47,553 - test_register - INFO - --- Bắt đầu test: Register-TC006 ---
2026-08-15 22:35:48,091 - test_register - INFO - --- Bắt đầu test: Register-TC010 ---
2026-08-15 22:35:48,560 - test_register - INFO - Bắt được lỗi ở bước 1: ''.' is used at a wrong position in '.com'.'
2026-08-15 22:35:49,152 - test_register - INFO - Bắt được lỗi ở bước 1: 'Please include an '@' in the email address. 'nutest.com' is missing an '@'.'
2026-08-15 22:35:49,691 - test_register - INFO - Bắt được lỗi ở bước 1: 'Please fill out this field.'
2026-08-15 22:35:50,402 - test_register - INFO - --- Bắt đầu test: Register-TC008 ---
2026-08-15 22:35:50,437 - test_register - INFO - Không thể điền form (Pass đúng kỳ vọng FAIL).
2026-08-15 22:35:51,397 - test_register - INFO - --- Bắt đầu test: Register-TC005 ---
2026-08-15 22:35:52,116 - test_register - INFO - Bắt được lỗi ở bước 1: 'Please enter a part followed by '@'. '@test.com' is incomplete.'
2026-08-15 22:35:52,220 - test_register - INFO - Không thể điền form (Pass đúng kỳ vọng FAIL).
2026-08-15 22:35:55,953 - test_register - INFO - --- Bắt đầu test: Register-TC009 ---
2026-08-15 22:35:56,973 - test_register - INFO - Không thể điền form (Pass đúng kỳ vọng FAIL).
2026-08-15 22:35:57,365 - test_register - INFO - Bắt được lỗi ở bước 1: 'Please fill out this field.'
2026-08-15 22:35:58,678 - test_register - INFO - Không thể điền form (Pass đúng kỳ vọng FAIL).
2026-08-15 22:35:58,902 - test_register - INFO - --- Bắt đầu test: Register-TC011 ---
2026-08-15 22:36:02,917 - test_register - INFO - --- Bắt đầu test: Register-TC014 ---
2026-08-15 22:36:03,114 - test_register - INFO - --- Bắt đầu test: Register-TC021 ---
2026-08-15 22:36:04,264 - test_register - INFO - --- Bắt đầu test: Register-TC019 ---
2026-08-15 22:36:05,337 - test_register - INFO - --- Bắt đầu test: Register-TC018 ---
2026-08-15 22:36:06,257 - test_register - INFO - --- Bắt đầu test: Register-TC017 ---
2026-08-15 22:36:07,026 - test_register - INFO - Không thể điền form (Pass đúng kỳ vọng FAIL).
2026-08-15 22:36:10,429 - test_register - INFO - --- Bắt đầu test: Register-TC015 ---
2026-08-15 22:36:12,144 - test_register - INFO - --- Bắt đầu test: Register-TC016 ---
2026-08-15 22:36:12,764 - test_register - INFO - --- Bắt đầu test: Register-TC022 ---
2026-08-15 22:36:15,306 - test_register - INFO - Không thể điền form (Pass đúng kỳ vọng FAIL).
2026-08-15 22:36:15,558 - test_register - INFO - --- Bắt đầu test: Register-TC020 ---
2026-08-15 22:36:19,181 - test_register - INFO - --- Bắt đầu test: Register-TC023 ---
2026-08-15 22:36:19,581 - test_register - INFO - Không thể điền form (Pass đúng kỳ vọng FAIL).
2026-08-15 22:36:20,208 - test_register - INFO - Không thể điền form (Pass đúng kỳ vọng FAIL).
2026-08-15 22:36:20,763 - test_register - INFO - Không thể điền form (Pass đúng kỳ vọng FAIL).
2026-08-15 22:36:22,050 - test_register - INFO - Không thể điền form (Pass đúng kỳ vọng FAIL).
2026-08-15 22:36:23,046 - test_register - INFO - Không thể điền form (Pass đúng kỳ vọng FAIL).
2026-08-15 22:36:23,609 - test_register - INFO - --- Bắt đầu test: Register-TC024 ---
2026-08-15 22:36:25,642 - test_register - INFO - --- Bắt đầu test: Register-TC025 ---
2026-08-15 22:36:26,851 - test_register - INFO - Không thể điền form (Pass đúng kỳ vọng FAIL).
2026-08-15 22:36:28,466 - test_register - INFO - Không thể điền form (Pass đúng kỳ vọng FAIL).
2026-08-15 22:36:29,266 - test_register - INFO - Không thể điền form (Pass đúng kỳ vọng FAIL).
2026-08-15 22:36:31,979 - test_register - INFO - Không thể điền form (Pass đúng kỳ vọng FAIL).
2026-08-15 22:36:35,708 - test_register - INFO - Không thể điền form (Pass đúng kỳ vọng FAIL).
2026-08-15 22:36:40,077 - test_register - INFO - Không thể điền form (Pass đúng kỳ vọng FAIL).
2026-08-15 22:36:41,930 - test_register - INFO - Không thể điền form (Pass đúng kỳ vọng FAIL).
2026-08-15 22:43:16,462 - test_register - INFO - --- SETUP: Kiểm tra và dọn dẹp tài khoản nu@test.com ---
2026-08-15 22:43:21,365 - test_register - INFO - [CLEANUP] Đã xóa tài khoản nu@test.com cũ thành công.
2026-08-15 22:43:23,576 - test_register - INFO - --- Bắt đầu test: Register-TC001 ---
2026-08-15 22:43:27,418 - test_register - INFO - Đăng ký thành công và hiển thị tên đầy đủ trên header.
2026-08-15 22:43:29,674 - test_register - INFO - --- Bắt đầu test: Register-TC002 ---
2026-08-15 22:43:35,753 - test_register - INFO - Bắt được lỗi ở bước 1: 'A part followed by '@' should not contain the symbol 'ú'.'
2026-08-15 22:43:38,574 - test_register - INFO - --- Bắt đầu test: Register-TC001 ---
2026-08-15 22:44:03,633 - test_register - INFO - --- Bắt đầu test: Register-TC002 ---
2026-08-15 22:44:10,368 - test_register - INFO - Bắt được lỗi ở bước 1: 'Please enter an email address.'
2026-08-15 22:44:12,633 - test_register - INFO - --- Bắt đầu test: Register-TC001 ---
2026-08-15 22:44:32,608 - test_register - INFO - --- Bắt đầu test: Register-TC002 ---
2026-08-15 22:44:38,651 - test_register - INFO - Bắt được lỗi ở bước 1: 'A part followed by '@' should not contain the symbol 'ú'.'
2026-08-15 22:52:30,520 - test_register - INFO - --- Bắt đầu test: Register-TC001 ---
2026-08-15 22:52:38,490 - test_register - INFO - --- Bắt đầu test: Register-TC002 ---
2026-08-15 22:53:41,294 - test_register - INFO - --- Bắt đầu test: Register-TC001 ---
2026-08-15 22:53:44,804 - test_register - INFO - Đăng ký thành công và hiển thị tên đầy đủ trên header.
2026-08-15 22:53:46,207 - test_register - INFO - Đã dọn dẹp: Xóa tài khoản 'New Test User' thành công.
2026-08-15 22:53:48,289 - test_register - INFO - --- Bắt đầu test: Register-TC002 ---
2026-08-15 22:53:54,296 - test_register - INFO - Bắt được lỗi ở bước 1: 'A part followed by '@' should not contain the symbol 'ú'.'
2026-08-15 22:53:57,961 - test_register - INFO - --- Bắt đầu test: Register-TC001 ---
2026-08-15 22:54:02,071 - test_register - INFO - Đăng ký thành công và hiển thị tên đầy đủ trên header.
2026-08-15 22:54:03,192 - test_register - INFO - Đã dọn dẹp: Xóa tài khoản 'New Test User' thành công.
2026-08-15 22:54:07,708 - test_register - INFO - --- Bắt đầu test: Register-TC002 ---
2026-08-15 22:54:13,372 - test_register - INFO - Bắt được lỗi ở bước 1: 'Please enter an email address.'
2026-08-15 22:54:15,905 - test_register - INFO - --- Bắt đầu test: Register-TC001 ---
2026-08-15 22:54:19,269 - test_register - INFO - Đăng ký thành công và hiển thị tên đầy đủ trên header.
2026-08-15 22:54:20,088 - test_register - INFO - Đã dọn dẹp: Xóa tài khoản 'New Test User' thành công.
2026-08-15 22:54:21,885 - test_register - INFO - --- Bắt đầu test: Register-TC002 ---
2026-08-15 22:54:27,826 - test_register - INFO - Bắt được lỗi ở bước 1: 'A part followed by '@' should not contain the symbol 'ú'.'
2026-08-15 23:00:05,391 - test_register - INFO - --- Bắt đầu test: Register-TC001 ---
2026-08-15 23:00:08,973 - test_register - INFO - Đăng ký thành công và hiển thị tên đầy đủ trên header.
2026-08-15 23:00:10,518 - test_register - INFO - Đã dọn dẹp: Xóa tài khoản 'New Test User' thành công.
2026-08-15 23:00:12,825 - test_register - INFO - --- Bắt đầu test: Register-TC002 ---
2026-08-15 23:00:18,275 - test_register - INFO - Bắt được lỗi ở bước 1: 'A part followed by '@' should not contain the symbol 'ú'.'
2026-08-15 23:00:20,607 - test_register - INFO - --- Bắt đầu test: Register-TC003 ---
2026-08-15 23:00:26,741 - test_register - INFO - Bắt được lỗi ở bước 1: 'A part followed by '@' should not contain the symbol '🤣'.'
2026-08-15 23:00:28,836 - test_register - INFO - --- Bắt đầu test: Register-TC004 ---
2026-08-15 23:00:34,897 - test_register - INFO - Bắt được lỗi ở bước 1: 'Please include an '@' in the email address. 'nutest.com' is missing an '@'.'
2026-08-15 23:00:37,030 - test_register - INFO - --- Bắt đầu test: Register-TC005 ---
2026-08-15 23:00:43,350 - test_register - INFO - Bắt được lỗi ở bước 1: 'Please enter a part followed by '@'. '@test.com' is incomplete.'
2026-08-15 23:00:45,591 - test_register - INFO - --- Bắt đầu test: Register-TC006 ---
2026-08-15 23:00:51,715 - test_register - INFO - Bắt được lỗi ở bước 1: ''.' is used at a wrong position in '.com'.'
2026-08-15 23:00:53,853 - test_register - INFO - --- Bắt đầu test: Register-TC007 ---
2026-08-15 23:01:25,994 - test_register - INFO - Không thể điền form (Pass đúng kỳ vọng FAIL).
2026-08-15 23:01:28,101 - test_register - INFO - --- Bắt đầu test: Register-TC008 ---
2026-08-15 23:02:01,498 - test_register - INFO - Không thể điền form (Pass đúng kỳ vọng FAIL).
2026-08-15 23:02:03,636 - test_register - INFO - --- Bắt đầu test: Register-TC009 ---
2026-08-15 23:02:09,597 - test_register - INFO - Bắt được lỗi ở bước 1: 'Please fill out this field.'
2026-08-15 23:02:11,813 - test_register - INFO - --- Bắt đầu test: Register-TC010 ---
2026-08-15 23:02:17,676 - test_register - INFO - Bắt được lỗi ở bước 1: 'Please fill out this field.'
2026-08-15 23:02:19,764 - test_register - INFO - --- Bắt đầu test: Register-TC011 ---
2026-08-15 23:02:25,817 - test_register - INFO - --- Bắt đầu test: Register-TC012 ---
2026-08-15 23:02:57,780 - test_register - INFO - Không thể điền form (Pass đúng kỳ vọng FAIL).
2026-08-15 23:02:59,986 - test_register - INFO - --- Bắt đầu test: Register-TC013 ---
2026-08-15 23:04:16,814 - test_register - INFO - --- Bắt đầu test: Register-TC001 ---
2026-08-15 23:06:46,436 - test_register - INFO - --- Bắt đầu test: Register-TC001 ---
2026-08-15 23:06:58,649 - test_register - INFO - Đăng ký thành công và hiển thị tên đầy đủ trên header.
2026-08-15 23:07:00,610 - test_register - INFO - Đã dọn dẹp: Xóa tài khoản 'New Test User' thành công.
2026-08-15 23:07:03,946 - test_register - INFO - --- Bắt đầu test: Register-TC008 ---
2026-08-15 23:07:38,022 - test_register - INFO - Không thể điền form (Pass đúng kỳ vọng FAIL).
2026-08-15 23:07:45,875 - test_register - INFO - --- Bắt đầu test: Register-TC001 ---
2026-08-15 23:07:57,726 - test_register - INFO - Đăng ký thành công và hiển thị tên đầy đủ trên header.
2026-08-15 23:07:59,842 - test_register - INFO - Đã dọn dẹp: Xóa tài khoản 'New Test User' thành công.
2026-08-15 23:08:04,334 - test_register - INFO - --- Bắt đầu test: Register-TC008 ---
2026-08-15 23:08:37,709 - test_register - INFO - Không thể điền form (Pass đúng kỳ vọng FAIL).
2026-08-15 23:08:40,562 - test_register - INFO - --- Bắt đầu test: Register-TC001 ---
2026-08-15 23:08:52,015 - test_register - INFO - Đăng ký thành công và hiển thị tên đầy đủ trên header.
2026-08-15 23:08:53,908 - test_register - INFO - Đã dọn dẹp: Xóa tài khoản 'New Test User' thành công.
2026-08-15 23:08:56,233 - test_register - INFO - --- Bắt đầu test: Register-TC008 ---
2026-08-15 23:09:29,758 - test_register - INFO - Không thể điền form (Pass đúng kỳ vọng FAIL).
2026-08-15 23:11:44,486 - test_register - INFO - --- Bắt đầu test: Register-TC001 ---
2026-08-15 23:11:55,400 - test_register - INFO - Đăng ký thành công và hiển thị tên đầy đủ trên header.
2026-08-15 23:11:57,373 - test_register - INFO - Đã dọn dẹp: Xóa tài khoản 'New Test User' thành công.
2026-08-15 23:11:59,664 - test_register - INFO - --- Bắt đầu test: Register-TC008 ---
2026-08-15 23:12:02,519 - test_register - INFO - Bắt được lỗi ở bước 1: 'Email Address already exist!'
2026-08-15 23:12:06,816 - test_register - INFO - --- Bắt đầu test: Register-TC001 ---
2026-08-15 23:12:18,416 - test_register - INFO - Đăng ký thành công và hiển thị tên đầy đủ trên header.
2026-08-15 23:12:20,286 - test_register - INFO - Đã dọn dẹp: Xóa tài khoản 'New Test User' thành công.
2026-08-15 23:12:24,979 - test_register - INFO - --- Bắt đầu test: Register-TC008 ---
2026-08-15 23:12:27,919 - test_register - INFO - Bắt được lỗi ở bước 1: 'Email Address already exist!'
2026-08-15 23:12:30,869 - test_register - INFO - --- Bắt đầu test: Register-TC001 ---
2026-08-15 23:12:42,396 - test_register - INFO - Đăng ký thành công và hiển thị tên đầy đủ trên header.
2026-08-15 23:12:44,173 - test_register - INFO - Đã dọn dẹp: Xóa tài khoản 'New Test User' thành công.
2026-08-15 23:12:46,360 - test_register - INFO - --- Bắt đầu test: Register-TC008 ---
2026-08-15 23:12:49,644 - test_register - INFO - Bắt được lỗi ở bước 1: 'Email Address already exist!'
2026-08-15 23:13:10,561 - test_register - INFO - --- Bắt đầu test: Register-TC001 ---
2026-08-15 23:13:21,587 - test_register - INFO - Đăng ký thành công và hiển thị tên đầy đủ trên header.
2026-08-15 23:13:23,272 - test_register - INFO - Đã dọn dẹp: Xóa tài khoản 'New Test User' thành công.
2026-08-15 23:13:25,994 - test_register - INFO - --- Bắt đầu test: Register-TC002 ---
2026-08-15 23:13:28,923 - test_register - INFO - Bắt được lỗi ở bước 1: 'A part followed by '@' should not contain the symbol 'ú'.'
2026-08-15 23:13:31,515 - test_register - INFO - --- Bắt đầu test: Register-TC003 ---
2026-08-15 23:13:34,267 - test_register - INFO - Bắt được lỗi ở bước 1: 'A part followed by '@' should not contain the symbol '🤣'.'
2026-08-15 23:13:36,291 - test_register - INFO - --- Bắt đầu test: Register-TC004 ---
2026-08-15 23:13:38,742 - test_register - INFO - Bắt được lỗi ở bước 1: 'Please include an '@' in the email address. 'nutest.com' is missing an '@'.'
2026-08-15 23:13:41,262 - test_register - INFO - --- Bắt đầu test: Register-TC005 ---
2026-08-15 23:13:43,855 - test_register - INFO - Bắt được lỗi ở bước 1: 'Please enter a part followed by '@'. '@test.com' is incomplete.'
2026-08-15 23:13:47,876 - test_register - INFO - --- Bắt đầu test: Register-TC006 ---
2026-08-15 23:13:50,371 - test_register - INFO - Bắt được lỗi ở bước 1: ''.' is used at a wrong position in '.com'.'
2026-08-15 23:13:53,205 - test_register - INFO - --- Bắt đầu test: Register-TC007 ---
2026-08-15 23:13:55,906 - test_register - INFO - Bắt được lỗi ở bước 1: 'Email Address already exist!'
2026-08-15 23:13:58,446 - test_register - INFO - --- Bắt đầu test: Register-TC008 ---
2026-08-15 23:14:01,184 - test_register - INFO - Bắt được lỗi ở bước 1: 'Email Address already exist!'
2026-08-15 23:14:03,993 - test_register - INFO - --- Bắt đầu test: Register-TC009 ---
2026-08-15 23:14:06,455 - test_register - INFO - Bắt được lỗi ở bước 1: 'Please fill out this field.'
2026-08-15 23:14:09,395 - test_register - INFO - --- Bắt đầu test: Register-TC010 ---
2026-08-15 23:14:11,810 - test_register - INFO - Bắt được lỗi ở bước 1: 'Please fill out this field.'
2026-08-15 23:14:14,530 - test_register - INFO - --- Bắt đầu test: Register-TC011 ---
2026-08-15 23:14:26,617 - test_register - INFO - --- Bắt đầu test: Register-TC012 ---
2026-08-15 23:14:29,544 - test_register - INFO - Bắt được lỗi ở bước 1: 'Email Address already exist!'
2026-08-15 23:14:32,111 - test_register - INFO - --- Bắt đầu test: Register-TC013 ---
2026-08-15 23:14:34,917 - test_register - INFO - Bắt được lỗi ở bước 1: 'Email Address already exist!'
2026-08-15 23:14:38,052 - test_register - INFO - --- Bắt đầu test: Register-TC014 ---
2026-08-15 23:14:40,842 - test_register - INFO - Bắt được lỗi ở bước 1: 'Email Address already exist!'
2026-08-15 23:14:43,844 - test_register - INFO - --- Bắt đầu test: Register-TC015 ---
2026-08-15 23:14:46,606 - test_register - INFO - Bắt được lỗi ở bước 1: 'Email Address already exist!'
2026-08-15 23:14:49,593 - test_register - INFO - --- Bắt đầu test: Register-TC016 ---
2026-08-15 23:14:52,460 - test_register - INFO - Bắt được lỗi ở bước 1: 'Email Address already exist!'
2026-08-15 23:14:54,562 - test_register - INFO - --- Bắt đầu test: Register-TC017 ---
2026-08-15 23:14:57,267 - test_register - INFO - Bắt được lỗi ở bước 1: 'Email Address already exist!'
2026-08-15 23:14:59,461 - test_register - INFO - --- Bắt đầu test: Register-TC018 ---
2026-08-15 23:15:02,220 - test_register - INFO - Bắt được lỗi ở bước 1: 'Email Address already exist!'
2026-08-15 23:15:04,479 - test_register - INFO - --- Bắt đầu test: Register-TC019 ---
2026-08-15 23:15:07,166 - test_register - INFO - Bắt được lỗi ở bước 1: 'Email Address already exist!'
2026-08-15 23:15:09,881 - test_register - INFO - --- Bắt đầu test: Register-TC020 ---
2026-08-15 23:15:12,855 - test_register - INFO - Bắt được lỗi ở bước 1: 'Email Address already exist!'
2026-08-15 23:15:15,478 - test_register - INFO - --- Bắt đầu test: Register-TC021 ---
2026-08-15 23:15:18,267 - test_register - INFO - Bắt được lỗi ở bước 1: 'Email Address already exist!'
2026-08-15 23:15:20,375 - test_register - INFO - --- Bắt đầu test: Register-TC022 ---
2026-08-15 23:15:23,183 - test_register - INFO - Bắt được lỗi ở bước 1: 'Email Address already exist!'
2026-08-15 23:17:28,685 - test_register - INFO - --- Bắt đầu test: Register-TC001 ---
2026-08-15 23:17:41,442 - test_register - INFO - Đã tự động dọn dẹp: Xóa tài khoản 'New Test User' thành công.
2026-08-15 23:17:41,443 - test_register - INFO - Đăng ký thành công và hiển thị tên đầy đủ trên header.
2026-08-15 23:17:44,074 - test_register - INFO - --- Bắt đầu test: Register-TC002 ---
2026-08-15 23:17:46,493 - test_register - INFO - Bắt được lỗi ở bước 1: 'A part followed by '@' should not contain the symbol 'ú'.'
2026-08-15 23:17:49,157 - test_register - INFO - --- Bắt đầu test: Register-TC003 ---
2026-08-15 23:17:51,823 - test_register - INFO - Bắt được lỗi ở bước 1: 'A part followed by '@' should not contain the symbol '🤣'.'
2026-08-15 23:17:54,429 - test_register - INFO - --- Bắt đầu test: Register-TC004 ---
2026-08-15 23:17:57,387 - test_register - INFO - Bắt được lỗi ở bước 1: 'Please include an '@' in the email address. 'nutest.com' is missing an '@'.'
2026-08-15 23:17:59,963 - test_register - INFO - --- Bắt đầu test: Register-TC005 ---
2026-08-15 23:18:02,536 - test_register - INFO - Bắt được lỗi ở bước 1: 'Please enter a part followed by '@'. '@test.com' is incomplete.'
2026-08-15 23:18:05,092 - test_register - INFO - --- Bắt đầu test: Register-TC006 ---
2026-08-15 23:18:07,589 - test_register - INFO - Bắt được lỗi ở bước 1: ''.' is used at a wrong position in '.com'.'
2026-08-15 23:18:10,077 - test_register - INFO - --- Bắt đầu test: Register-TC007 ---
2026-08-15 23:18:12,865 - test_register - INFO - Bắt được lỗi ở bước 1: 'Email Address already exist!'
2026-08-15 23:18:15,359 - test_register - INFO - --- Bắt đầu test: Register-TC008 ---
2026-08-15 23:18:18,018 - test_register - INFO - Bắt được lỗi ở bước 1: 'Email Address already exist!'
2026-08-15 23:18:20,682 - test_register - INFO - --- Bắt đầu test: Register-TC009 ---
2026-08-15 23:18:23,156 - test_register - INFO - Bắt được lỗi ở bước 1: 'Please fill out this field.'
2026-08-15 23:18:25,987 - test_register - INFO - --- Bắt đầu test: Register-TC010 ---
2026-08-15 23:18:28,424 - test_register - INFO - Bắt được lỗi ở bước 1: 'Please fill out this field.'
2026-08-15 23:18:30,975 - test_register - INFO - --- Bắt đầu test: Register-TC011 ---
2026-08-15 23:18:43,860 - test_register - INFO - Đã tự động dọn dẹp: Xóa tài khoản 'New Test User' thành công.
2026-08-15 23:18:48,632 - test_register - INFO - --- Bắt đầu test: Register-TC012 ---
2026-08-15 23:18:57,668 - test_register - INFO - Bắt được lỗi validation form: 'Please fill out this field.'
2026-08-15 23:19:00,259 - test_register - INFO - --- Bắt đầu test: Register-TC013 ---
2026-08-15 23:19:08,899 - test_register - INFO - Bắt được lỗi validation form: 'Please fill out this field.'
2026-08-15 23:19:11,450 - test_register - INFO - --- Bắt đầu test: Register-TC014 ---
2026-08-15 23:19:20,247 - test_register - INFO - Bắt được lỗi validation form: 'Please fill out this field.'
2026-08-15 23:19:22,724 - test_register - INFO - --- Bắt đầu test: Register-TC015 ---
2026-08-15 23:19:31,269 - test_register - INFO - Bắt được lỗi validation form: 'Please fill out this field.'
2026-08-15 23:19:33,875 - test_register - INFO - --- Bắt đầu test: Register-TC016 ---
2026-08-15 23:19:42,448 - test_register - INFO - Bắt được lỗi validation form: 'Please fill out this field.'
2026-08-15 23:19:44,925 - test_register - INFO - --- Bắt đầu test: Register-TC017 ---
2026-08-15 23:19:53,630 - test_register - INFO - Bắt được lỗi validation form: 'Please fill out this field.'
2026-08-15 23:19:56,927 - test_register - INFO - --- Bắt đầu test: Register-TC018 ---
2026-08-15 23:20:05,916 - test_register - INFO - Bắt được lỗi validation form: 'Please fill out this field.'
2026-08-15 23:20:08,512 - test_register - INFO - --- Bắt đầu test: Register-TC019 ---
2026-08-15 23:20:17,413 - test_register - INFO - Bắt được lỗi validation form: 'Please fill out this field.'
2026-08-15 23:20:20,066 - test_register - INFO - --- Bắt đầu test: Register-TC020 ---
2026-08-15 23:20:33,044 - test_register - INFO - Đã tự động dọn dẹp: Xóa tài khoản 'New Test User' thành công.
2026-08-15 23:20:36,961 - test_register - INFO - --- Bắt đầu test: Register-TC021 ---
2026-08-15 23:20:49,635 - test_register - INFO - Đã tự động dọn dẹp: Xóa tài khoản 'New Test User' thành công.
2026-08-15 23:20:53,541 - test_register - INFO - --- Bắt đầu test: Register-TC022 ---
2026-08-15 23:21:06,367 - test_register - INFO - Đã tự động dọn dẹp: Xóa tài khoản 'New Test User' thành công.
2026-08-15 23:21:09,293 - test_register - INFO - --- Bắt đầu test: Register-TC023 ---
2026-08-15 23:21:23,474 - test_register - INFO - Đã tự động dọn dẹp: Xóa tài khoản 'New Test User' thành công.
2026-08-15 23:21:27,509 - test_register - INFO - --- Bắt đầu test: Register-TC024 ---
2026-08-15 23:21:41,580 - test_register - INFO - Đã tự động dọn dẹp: Xóa tài khoản 'New Test User' thành công.
2026-08-15 23:21:46,144 - test_register - INFO - --- Bắt đầu test: Register-TC025 ---
2026-08-15 23:21:59,106 - test_register - INFO - Đã tự động dọn dẹp: Xóa tài khoản 'New Test User' thành công.
2026-08-15 23:25:11,525 - test_register - INFO - --- Bắt đầu test: Register-TC001 ---
2026-08-15 23:25:34,632 - test_register - INFO - --- Bắt đầu test: Register-TC001 ---
2026-08-15 23:25:47,841 - test_register - INFO - Đã tự động dọn dẹp: Xóa tài khoản 'New Test User' thành công.
2026-08-15 23:25:47,842 - test_register - INFO - Đăng ký thành công và hiển thị tên đầy đủ trên header.
2026-08-15 23:25:50,370 - test_register - INFO - --- Bắt đầu test: Register-TC011 ---
2026-08-15 23:25:59,680 - test_register - INFO - Bắt được lỗi validation form: 'Please fill out this field.'
2026-08-15 23:26:03,699 - test_register - INFO - --- Bắt đầu test: Register-TC001 ---
2026-08-15 23:26:16,982 - test_register - INFO - Đã tự động dọn dẹp: Xóa tài khoản 'New Test User' thành công.
2026-08-15 23:26:16,983 - test_register - INFO - Đăng ký thành công và hiển thị tên đầy đủ trên header.
2026-08-15 23:26:21,447 - test_register - INFO - --- Bắt đầu test: Register-TC011 ---
2026-08-15 23:26:30,680 - test_register - INFO - Bắt được lỗi validation form: 'Please fill out this field.'
2026-08-15 23:26:33,546 - test_register - INFO - --- Bắt đầu test: Register-TC001 ---
2026-08-15 23:26:46,208 - test_register - INFO - Đã tự động dọn dẹp: Xóa tài khoản 'New Test User' thành công.
2026-08-15 23:26:46,209 - test_register - INFO - Đăng ký thành công và hiển thị tên đầy đủ trên header.
2026-08-15 23:26:48,842 - test_register - INFO - --- Bắt đầu test: Register-TC011 ---
2026-08-15 23:26:57,432 - test_register - INFO - Bắt được lỗi validation form: 'Please fill out this field.'
2026-08-15 23:28:07,775 - test_register - INFO - --- Bắt đầu test: Register-TC001 ---
2026-08-15 23:28:11,272 - test_register - INFO - Đã tự động dọn dẹp: Xóa tài khoản 'New Test User' thành công.
2026-08-15 23:28:11,272 - test_register - INFO - Đăng ký thành công và hiển thị tên đầy đủ trên header.
2026-08-15 23:28:13,297 - test_register - INFO - --- Bắt đầu test: Register-TC002 ---
2026-08-15 23:28:14,253 - test_register - INFO - Bắt được lỗi ở bước 1: 'A part followed by '@' should not contain the symbol 'ú'.'
2026-08-15 23:28:16,300 - test_register - INFO - --- Bắt đầu test: Register-TC003 ---
2026-08-15 23:28:17,340 - test_register - INFO - Bắt được lỗi ở bước 1: 'A part followed by '@' should not contain the symbol '🤣'.'
2026-08-15 23:28:19,443 - test_register - INFO - --- Bắt đầu test: Register-TC004 ---
2026-08-15 23:28:20,438 - test_register - INFO - Bắt được lỗi ở bước 1: 'Please include an '@' in the email address. 'nutest.com' is missing an '@'.'
